Archive member included to satisfy reference by file (symbol)

/home/tony/Ac6/SystemWorkbench/plugins/fr.ac6.mcu.externaltools.arm-none.linux64_1.16.0.201807130628/tools/compiler/bin/../lib/gcc/arm-none-eabi/7.2.1/../../../../arm-none-eabi/lib/thumb/v7e-m/fpv4-sp/hard/libm.a(lib_a-w_sqrt.o)
                              src/main.o (sqrt)
/home/tony/Ac6/SystemWorkbench/plugins/fr.ac6.mcu.externaltools.arm-none.linux64_1.16.0.201807130628/tools/compiler/bin/../lib/gcc/arm-none-eabi/7.2.1/../../../../arm-none-eabi/lib/thumb/v7e-m/fpv4-sp/hard/libm.a(lib_a-e_sqrt.o)
                              /home/tony/Ac6/SystemWorkbench/plugins/fr.ac6.mcu.externaltools.arm-none.linux64_1.16.0.201807130628/tools/compiler/bin/../lib/gcc/arm-none-eabi/7.2.1/../../../../arm-none-eabi/lib/thumb/v7e-m/fpv4-sp/hard/libm.a(lib_a-w_sqrt.o) (__ieee754_sqrt)
/home/tony/Ac6/SystemWorkbench/plugins/fr.ac6.mcu.externaltools.arm-none.linux64_1.16.0.201807130628/tools/compiler/bin/../lib/gcc/arm-none-eabi/7.2.1/../../../../arm-none-eabi/lib/thumb/v7e-m/fpv4-sp/hard/libm.a(lib_a-s_lib_ver.o)
                              /home/tony/Ac6/SystemWorkbench/plugins/fr.ac6.mcu.externaltools.arm-none.linux64_1.16.0.201807130628/tools/compiler/bin/../lib/gcc/arm-none-eabi/7.2.1/../../../../arm-none-eabi/lib/thumb/v7e-m/fpv4-sp/hard/libm.a(lib_a-w_sqrt.o) (__fdlib_version)
/home/tony/Ac6/SystemWorkbench/plugins/fr.ac6.mcu.externaltools.arm-none.linux64_1.16.0.201807130628/tools/compiler/bin/../lib/gcc/arm-none-eabi/7.2.1/../../../../arm-none-eabi/lib/thumb/v7e-m/fpv4-sp/hard/libm.a(lib_a-s_matherr.o)
                              /home/tony/Ac6/SystemWorkbench/plugins/fr.ac6.mcu.externaltools.arm-none.linux64_1.16.0.201807130628/tools/compiler/bin/../lib/gcc/arm-none-eabi/7.2.1/../../../../arm-none-eabi/lib/thumb/v7e-m/fpv4-sp/hard/libm.a(lib_a-w_sqrt.o) (matherr)
/home/tony/Ac6/SystemWorkbench/plugins/fr.ac6.mcu.externaltools.arm-none.linux64_1.16.0.201807130628/tools/compiler/bin/../lib/gcc/arm-none-eabi/7.2.1/thumb/v7e-m/fpv4-sp/hard/libgcc.a(_arm_addsubdf3.o)
                              src/main.o (__aeabi_dsub)
/home/tony/Ac6/SystemWorkbench/plugins/fr.ac6.mcu.externaltools.arm-none.linux64_1.16.0.201807130628/tools/compiler/bin/../lib/gcc/arm-none-eabi/7.2.1/thumb/v7e-m/fpv4-sp/hard/libgcc.a(_arm_muldivdf3.o)
                              src/main.o (__aeabi_dmul)
/home/tony/Ac6/SystemWorkbench/plugins/fr.ac6.mcu.externaltools.arm-none.linux64_1.16.0.201807130628/tools/compiler/bin/../lib/gcc/arm-none-eabi/7.2.1/thumb/v7e-m/fpv4-sp/hard/libgcc.a(_arm_cmpdf2.o)
                              src/main.o (__aeabi_dcmplt)
/home/tony/Ac6/SystemWorkbench/plugins/fr.ac6.mcu.externaltools.arm-none.linux64_1.16.0.201807130628/tools/compiler/bin/../lib/gcc/arm-none-eabi/7.2.1/thumb/v7e-m/fpv4-sp/hard/libgcc.a(_arm_unorddf2.o)
                              /home/tony/Ac6/SystemWorkbench/plugins/fr.ac6.mcu.externaltools.arm-none.linux64_1.16.0.201807130628/tools/compiler/bin/../lib/gcc/arm-none-eabi/7.2.1/../../../../arm-none-eabi/lib/thumb/v7e-m/fpv4-sp/hard/libm.a(lib_a-w_sqrt.o) (__aeabi_dcmpun)
/home/tony/Ac6/SystemWorkbench/plugins/fr.ac6.mcu.externaltools.arm-none.linux64_1.16.0.201807130628/tools/compiler/bin/../lib/gcc/arm-none-eabi/7.2.1/thumb/v7e-m/fpv4-sp/hard/libgcc.a(_arm_fixdfsi.o)
                              src/main.o (__aeabi_d2iz)
/home/tony/Ac6/SystemWorkbench/plugins/fr.ac6.mcu.externaltools.arm-none.linux64_1.16.0.201807130628/tools/compiler/bin/../lib/gcc/arm-none-eabi/7.2.1/thumb/v7e-m/fpv4-sp/hard/libgcc.a(_arm_fixunsdfsi.o)
                              src/main.o (__aeabi_d2uiz)
/home/tony/Ac6/SystemWorkbench/plugins/fr.ac6.mcu.externaltools.arm-none.linux64_1.16.0.201807130628/tools/compiler/bin/../lib/gcc/arm-none-eabi/7.2.1/../../../../arm-none-eabi/lib/thumb/v7e-m/fpv4-sp/hard/libc.a(lib_a-errno.o)
                              src/syscalls.o (__errno)
/home/tony/Ac6/SystemWorkbench/plugins/fr.ac6.mcu.externaltools.arm-none.linux64_1.16.0.201807130628/tools/compiler/bin/../lib/gcc/arm-none-eabi/7.2.1/../../../../arm-none-eabi/lib/thumb/v7e-m/fpv4-sp/hard/libc.a(lib_a-exit.o)
                              /home/tony/Ac6/SystemWorkbench/plugins/fr.ac6.mcu.externaltools.arm-none.linux64_1.16.0.201807130628/tools/compiler/bin/../lib/gcc/arm-none-eabi/7.2.1/../../../../arm-none-eabi/lib/thumb/v7e-m/fpv4-sp/hard/crt0.o (exit)
/home/tony/Ac6/SystemWorkbench/plugins/fr.ac6.mcu.externaltools.arm-none.linux64_1.16.0.201807130628/tools/compiler/bin/../lib/gcc/arm-none-eabi/7.2.1/../../../../arm-none-eabi/lib/thumb/v7e-m/fpv4-sp/hard/libc.a(lib_a-impure.o)
                              /home/tony/Ac6/SystemWorkbench/plugins/fr.ac6.mcu.externaltools.arm-none.linux64_1.16.0.201807130628/tools/compiler/bin/../lib/gcc/arm-none-eabi/7.2.1/../../../../arm-none-eabi/lib/thumb/v7e-m/fpv4-sp/hard/libc.a(lib_a-exit.o) (_global_impure_ptr)
[...]
Memory Configuration

Name             Origin             Length             Attributes
FLASH            0x0000000008000000 0x0000000000040000 xr
RAM              0x0000000020000000 0x000000000000a000 xrw
CCMRAM           0x0000000010000000 0x0000000000002000 rw
*default*        0x0000000000000000 0xffffffffffffffff

Linker script and memory map

LOAD /home/tony/Ac6/SystemWorkbench/plugins/fr.ac6.mcu.externaltools.arm-none.linux64_1.16.0.201807130628/tools/compiler/bin/../lib/gcc/arm-none-eabi/7.2.1/thumb/v7e-m/fpv4-sp/hard/crti.o
LOAD /home/tony/Ac6/SystemWorkbench/plugins/fr.ac6.mcu.externaltools.arm-none.linux64_1.16.0.201807130628/tools/compiler/bin/../lib/gcc/arm-none-eabi/7.2.1/thumb/v7e-m/fpv4-sp/hard/crtbegin.o
LOAD /home/tony/Ac6/SystemWorkbench/plugins/fr.ac6.mcu.externaltools.arm-none.linux64_1.16.0.201807130628/tools/compiler/bin/../lib/gcc/arm-none-eabi/7.2.1/../../../../arm-none-eabi/lib/thumb/v7e-m/fpv4-sp/hard/crt0.o
LOAD StdPeriph_Driver/src/stm32f30x_adc.o
LOAD StdPeriph_Driver/src/stm32f30x_can.o
LOAD StdPeriph_Driver/src/stm32f30x_comp.o
LOAD StdPeriph_Driver/src/stm32f30x_crc.o
LOAD StdPeriph_Driver/src/stm32f30x_dac.o
LOAD StdPeriph_Driver/src/stm32f30x_dbgmcu.o
LOAD StdPeriph_Driver/src/stm32f30x_dma.o
LOAD StdPeriph_Driver/src/stm32f30x_exti.o
LOAD StdPeriph_Driver/src/stm32f30x_flash.o
LOAD StdPeriph_Driver/src/stm32f30x_gpio.o
LOAD StdPeriph_Driver/src/stm32f30x_i2c.o
LOAD StdPeriph_Driver/src/stm32f30x_iwdg.o
LOAD StdPeriph_Driver/src/stm32f30x_misc.o
LOAD StdPeriph_Driver/src/stm32f30x_opamp.o
LOAD StdPeriph_Driver/src/stm32f30x_pwr.o
LOAD StdPeriph_Driver/src/stm32f30x_rcc.o
LOAD StdPeriph_Driver/src/stm32f30x_rtc.o
LOAD StdPeriph_Driver/src/stm32f30x_spi.o
LOAD StdPeriph_Driver/src/stm32f30x_syscfg.o
LOAD StdPeriph_Driver/src/stm32f30x_tim.o
LOAD StdPeriph_Driver/src/stm32f30x_usart.o
LOAD StdPeriph_Driver/src/stm32f30x_wwdg.o
LOAD Utilities/stm32f3_discovery.o
LOAD Utilities/stm32f3_discovery_l3gd20.o
LOAD Utilities/stm32f3_discovery_lsm303dlhc.o
LOAD src/main.o
LOAD src/syscalls.o
LOAD src/system_stm32f30x.o
LOAD startup/startup_stm32f30x.o
LOAD /home/tony/Ac6/SystemWorkbench/plugins/fr.ac6.mcu.externaltools.arm-none.linux64_1.16.0.201807130628/tools/compiler/bin/../lib/gcc/arm-none-eabi/7.2.1/../../../../arm-none-eabi/lib/thumb/v7e-m/fpv4-sp/hard/libm.a
START GROUP
LOAD /home/tony/Ac6/SystemWorkbench/plugins/fr.ac6.mcu.externaltools.arm-none.linux64_1.16.0.201807130628/tools/compiler/bin/../lib/gcc/arm-none-eabi/7.2.1/thumb/v7e-m/fpv4-sp/hard/libgcc.a
LOAD /home/tony/Ac6/SystemWorkbench/plugins/fr.ac6.mcu.externaltools.arm-none.linux64_1.16.0.201807130628/tools/compiler/bin/../lib/gcc/arm-none-eabi/7.2.1/../../../../arm-none-eabi/lib/thumb/v7e-m/fpv4-sp/hard/libc.a
END GROUP
LOAD /home/tony/Ac6/SystemWorkbench/plugins/fr.ac6.mcu.externaltools.arm-none.linux64_1.16.0.201807130628/tools/compiler/bin/../lib/gcc/arm-none-eabi/7.2.1/thumb/v7e-m/fpv4-sp/hard/crtend.o
LOAD /home/tony/Ac6/SystemWorkbench/plugins/fr.ac6.mcu.externaltools.arm-none.linux64_1.16.0.201807130628/tools/compiler/bin/../lib/gcc/arm-none-eabi/7.2.1/thumb/v7e-m/fpv4-sp/hard/crtn.o
                0x000000002000a000                _estack = 0x2000a000
                0x0000000000000200                _Min_Heap_Size = 0x200
                0x0000000000000400                _Min_Stack_Size = 0x400

.isr_vector     0x0000000008000000      0x188
                0x0000000008000000                . = ALIGN (0x4)
 *(.isr_vector)
 .isr_vector    0x0000000008000000      0x188 startup/startup_stm32f30x.o
                0x0000000008000000                g_pfnVectors
                0x0000000008000188                . = ALIGN (0x4)

.text           0x0000000008000188     0x2f50
                0x0000000008000188                . = ALIGN (0x4)
 *(.text)
 .text          0x0000000008000188       0x40 /home/tony/Ac6/SystemWorkbench/plugins/fr.ac6.mcu.externaltools.arm-none.linux64_1.16.0.201807130628/tools/compiler/bin/../lib/gcc/arm-none-eabi/7.2.1/thumb/v7e-m/fpv4-sp/hard/crtbegin.o
 .text          0x00000000080001c8      0x378 /home/tony/Ac6/SystemWorkbench/plugins/fr.ac6.mcu.externaltools.arm-none.linux64_1.16.0.201807130628/tools/compiler/bin/../lib/gcc/arm-none-eabi/7.2.1/thumb/v7e-m/fpv4-sp/hard/libgcc.a(_arm_addsubdf3.o)
                0x00000000080001c8                __aeabi_drsub
                0x00000000080001d0                __aeabi_dsub
                0x00000000080001d0                __subdf3
                0x00000000080001d4                __adddf3
                0x00000000080001d4                __aeabi_dadd
                0x000000000800044c                __aeabi_ui2d
                0x000000000800044c                __floatunsidf
                0x000000000800046c                __floatsidf
                0x000000000800046c                __aeabi_i2d
                0x0000000008000490                __extendsfdf2
                0x0000000008000490                __aeabi_f2d
                0x00000000080004d4                __aeabi_ul2d
                0x00000000080004d4                __floatundidf
                0x00000000080004e4                __floatdidf
                0x00000000080004e4                __aeabi_l2d
 .text          0x0000000008000540      0x424 /home/tony/Ac6/SystemWorkbench/plugins/fr.ac6.mcu.externaltools.arm-none.linux64_1.16.0.201807130628/tools/compiler/bin/../lib/gcc/arm-none-eabi/7.2.1/thumb/v7e-m/fpv4-sp/hard/libgcc.a(_arm_muldivdf3.o)
                0x0000000008000540                __aeabi_dmul
                0x0000000008000540                __muldf3
                0x0000000008000794                __aeabi_ddiv
                0x0000000008000794                __divdf3
 .text          0x0000000008000964      0x110 /home/tony/Ac6/SystemWorkbench/plugins/fr.ac6.mcu.externaltools.arm-none.linux64_1.16.0.201807130628/tools/compiler/bin/../lib/gcc/arm-none-eabi/7.2.1/thumb/v7e-m/fpv4-sp/hard/libgcc.a(_arm_cmpdf2.o)
                0x0000000008000964                __gtdf2
                0x0000000008000964                __gedf2
                0x000000000800096c                __ltdf2
                0x000000000800096c                __ledf2
                0x0000000008000974                __cmpdf2
                0x0000000008000974                __eqdf2
                0x0000000008000974                __nedf2
                0x00000000080009f0                __aeabi_cdrcmple
                0x0000000008000a00                __aeabi_cdcmple
                0x0000000008000a00                __aeabi_cdcmpeq
                0x0000000008000a10                __aeabi_dcmpeq
                0x0000000008000a24                __aeabi_dcmplt
                0x0000000008000a38                __aeabi_dcmple
                0x0000000008000a4c                __aeabi_dcmpge
                0x0000000008000a60                __aeabi_dcmpgt
 .text          0x0000000008000a74       0x2c /home/tony/Ac6/SystemWorkbench/plugins/fr.ac6.mcu.externaltools.arm-none.linux64_1.16.0.201807130628/tools/compiler/bin/../lib/gcc/arm-none-eabi/7.2.1/thumb/v7e-m/fpv4-sp/hard/libgcc.a(_arm_unorddf2.o)
                0x0000000008000a74                __aeabi_dcmpun
                0x0000000008000a74                __unorddf2
 .text          0x0000000008000aa0       0x50 /home/tony/Ac6/SystemWorkbench/plugins/fr.ac6.mcu.externaltools.arm-none.linux64_1.16.0.201807130628/tools/compiler/bin/../lib/gcc/arm-none-eabi/7.2.1/thumb/v7e-m/fpv4-sp/hard/libgcc.a(_arm_fixdfsi.o)
                0x0000000008000aa0                __fixdfsi
                0x0000000008000aa0                __aeabi_d2iz
 .text          0x0000000008000af0       0x40 /home/tony/Ac6/SystemWorkbench/plugins/fr.ac6.mcu.externaltools.arm-none.linux64_1.16.0.201807130628/tools/compiler/bin/../lib/gcc/arm-none-eabi/7.2.1/thumb/v7e-m/fpv4-sp/hard/libgcc.a(_arm_fixunsdfsi.o)
                0x0000000008000af0                __fixunsdfsi
                0x0000000008000af0                __aeabi_d2uiz
 *(.text*)
 .text.GPIO_Init
                0x0000000008000b30      0x12a StdPeriph_Driver/src/stm32f30x_gpio.o
                0x0000000008000b30                GPIO_Init
 .text.GPIO_SetBits
                0x0000000008000c5a       0x1e StdPeriph_Driver/src/stm32f30x_gpio.o
                0x0000000008000c5a                GPIO_SetBits
 .text.GPIO_ResetBits
                0x0000000008000c78       0x1e StdPeriph_Driver/src/stm32f30x_gpio.o
                0x0000000008000c78                GPIO_ResetBits
 .text.GPIO_PinAFConfig
                0x0000000008000c96       0x92 StdPeriph_Driver/src/stm32f30x_gpio.o
                0x0000000008000c96                GPIO_PinAFConfig
 .text.RCC_GetClocksFreq
                0x0000000008000d28      0x41c StdPeriph_Driver/src/stm32f30x_rcc.o
                0x0000000008000d28                RCC_GetClocksFreq
 .text.RCC_AHBPeriphClockCmd
                0x0000000008001144       0x40 StdPeriph_Driver/src/stm32f30x_rcc.o
                0x0000000008001144                RCC_AHBPeriphClockCmd
 .text.RCC_APB2PeriphClockCmd
                0x0000000008001184       0x40 StdPeriph_Driver/src/stm32f30x_rcc.o
                0x0000000008001184                RCC_APB2PeriphClockCmd
 .text.RCC_APB1PeriphClockCmd
                0x00000000080011c4       0x40 StdPeriph_Driver/src/stm32f30x_rcc.o
                0x00000000080011c4                RCC_APB1PeriphClockCmd
 .text.TIM_TimeBaseInit
                0x0000000008001204       0xf0 StdPeriph_Driver/src/stm32f30x_tim.o
                0x0000000008001204                TIM_TimeBaseInit
 .text.TIM_Cmd  0x00000000080012f4       0x40 StdPeriph_Driver/src/stm32f30x_tim.o
                0x00000000080012f4                TIM_Cmd
 .text.TIM_OC1Init
                0x0000000008001334      0x124 StdPeriph_Driver/src/stm32f30x_tim.o
                0x0000000008001334                TIM_OC1Init
 .text.TIM_OC2Init
                0x0000000008001458      0x104 StdPeriph_Driver/src/stm32f30x_tim.o
                0x0000000008001458                TIM_OC2Init
 .text.TIM_OC3Init
                0x000000000800155c       0xfc StdPeriph_Driver/src/stm32f30x_tim.o
                0x000000000800155c                TIM_OC3Init
 .text.TIM_OC4Init
                0x0000000008001658       0xc4 StdPeriph_Driver/src/stm32f30x_tim.o
                0x0000000008001658                TIM_OC4Init
 .text.TIM_SetCompare1
                0x000000000800171c       0x1c StdPeriph_Driver/src/stm32f30x_tim.o
                0x000000000800171c                TIM_SetCompare1
 .text.TIM_SetCompare2
                0x0000000008001738       0x1c StdPeriph_Driver/src/stm32f30x_tim.o
                0x0000000008001738                TIM_SetCompare2
 .text.TIM_SetCompare3
                0x0000000008001754       0x1c StdPeriph_Driver/src/stm32f30x_tim.o
                0x0000000008001754                TIM_SetCompare3
 .text.TIM_SetCompare4
                0x0000000008001770       0x1c StdPeriph_Driver/src/stm32f30x_tim.o
                0x0000000008001770                TIM_SetCompare4
 .text.TIM_CtrlPWMOutputs
                0x000000000800178c       0x38 StdPeriph_Driver/src/stm32f30x_tim.o
                0x000000000800178c                TIM_CtrlPWMOutputs
 .text.USART_Init
                0x00000000080017c4      0x178 StdPeriph_Driver/src/stm32f30x_usart.o
                0x00000000080017c4                USART_Init
 .text.USART_Cmd
                0x000000000800193c       0x38 StdPeriph_Driver/src/stm32f30x_usart.o
                0x000000000800193c                USART_Cmd
 .text.USART_ReceiveData
                0x0000000008001974       0x20 StdPeriph_Driver/src/stm32f30x_usart.o
                0x0000000008001974                USART_ReceiveData
 .text.USART_GetFlagStatus
                0x0000000008001994       0x32 StdPeriph_Driver/src/stm32f30x_usart.o
                0x0000000008001994                USART_GetFlagStatus
 *fill*         0x00000000080019c6        0x2 
 .text.uartreceive
                0x00000000080019c8       0x44 src/main.o
                0x00000000080019c8                uartreceive
 .text.map      0x0000000008001a0c       0x8c src/main.o
                0x0000000008001a0c                map
 .text.ellipticalSquareToDisc
                0x0000000008001a98       0xd8 src/main.o
                0x0000000008001a98                ellipticalSquareToDisc
 .text.ellipticalDiscToSquare
                0x0000000008001b70      0x1cc src/main.o
                0x0000000008001b70                ellipticalDiscToSquare
 .text.gpioinit
                0x0000000008001d3c       0xb4 src/main.o
                0x0000000008001d3c                gpioinit
 .text.gpioinit1
                0x0000000008001df0       0x3a src/main.o
                0x0000000008001df0                gpioinit1
 *fill*         0x0000000008001e2a        0x2 
 .text.pwminit  0x0000000008001e2c      0x290 src/main.o
                0x0000000008001e2c                pwminit
 .text.Akinit   0x00000000080020bc       0x3c src/main.o
                0x00000000080020bc                Akinit
 .text.UART_Init
                0x00000000080020f8       0x9c src/main.o
                0x00000000080020f8                UART_Init
 .text.shut     0x0000000008002194       0x90 src/main.o
                0x0000000008002194                shut
 *fill*         0x0000000008002224        0x4 
 .text.motorcode
                0x0000000008002228      0x590 src/main.o
                0x0000000008002228                motorcode
 .text.armcode  0x00000000080027b8      0x210 src/main.o
                0x00000000080027b8                armcode
 .text.main     0x00000000080029c8      0x174 src/main.o
                0x00000000080029c8                main
 .text.SystemInit
                0x0000000008002b3c       0x94 src/system_stm32f30x.o
                0x0000000008002b3c                SystemInit
 .text.SetSysClock
                0x0000000008002bd0       0xe4 src/system_stm32f30x.o
 .text.Reset_Handler
                0x0000000008002cb4       0x48 startup/startup_stm32f30x.o
                0x0000000008002cb4                Reset_Handler
 .text.Default_Handler
                0x0000000008002cfc        0x2 startup/startup_stm32f30x.o
                0x0000000008002cfc                RTC_Alarm_IRQHandler
                0x0000000008002cfc                TIM8_TRG_COM_IRQHandler
                0x0000000008002cfc                TIM8_CC_IRQHandler
                0x0000000008002cfc                DebugMon_Handler
                0x0000000008002cfc                TIM1_CC_IRQHandler
                0x0000000008002cfc                HardFault_Handler
                0x0000000008002cfc                USB_HP_IRQHandler
                0x0000000008002cfc                SysTick_Handler
                0x0000000008002cfc                PVD_IRQHandler
                0x0000000008002cfc                PendSV_Handler
                0x0000000008002cfc                NMI_Handler
                0x0000000008002cfc                EXTI3_IRQHandler
                0x0000000008002cfc                EXTI0_IRQHandler
                0x0000000008002cfc                I2C2_EV_IRQHandler
                0x0000000008002cfc                FPU_IRQHandler
                0x0000000008002cfc                EXTI2_TS_IRQHandler
                0x0000000008002cfc                TIM1_UP_TIM16_IRQHandler
                0x0000000008002cfc                UsageFault_Handler
                0x0000000008002cfc                ADC1_2_IRQHandler
                0x0000000008002cfc                SPI1_IRQHandler
                0x0000000008002cfc                TIM6_DAC_IRQHandler
                0x0000000008002cfc                TIM8_UP_IRQHandler
                0x0000000008002cfc                DMA2_Channel2_IRQHandler
                0x0000000008002cfc                DMA1_Channel4_IRQHandler
                0x0000000008002cfc                USART3_IRQHandler
                0x0000000008002cfc                DMA1_Channel7_IRQHandler
                0x0000000008002cfc                CAN1_RX1_IRQHandler
                0x0000000008002cfc                UART5_IRQHandler
                0x0000000008002cfc                ADC3_IRQHandler
                0x0000000008002cfc                TIM4_IRQHandler
                0x0000000008002cfc                DMA2_Channel1_IRQHandler
                0x0000000008002cfc                I2C1_EV_IRQHandler
                0x0000000008002cfc                DMA1_Channel6_IRQHandler
                0x0000000008002cfc                UART4_IRQHandler
                0x0000000008002cfc                DMA2_Channel4_IRQHandler
                0x0000000008002cfc                TIM3_IRQHandler
                0x0000000008002cfc                RCC_IRQHandler
                0x0000000008002cfc                DMA1_Channel1_IRQHandler
                0x0000000008002cfc                Default_Handler
                0x0000000008002cfc                USBWakeUp_RMP_IRQHandler
                0x0000000008002cfc                EXTI15_10_IRQHandler
                0x0000000008002cfc                TIM7_IRQHandler
                0x0000000008002cfc                EXTI9_5_IRQHandler
                0x0000000008002cfc                TAMPER_STAMP_IRQHandler
                0x0000000008002cfc                RTC_WKUP_IRQHandler
                0x0000000008002cfc                SPI2_IRQHandler
                0x0000000008002cfc                MemManage_Handler
                0x0000000008002cfc                SVC_Handler
                0x0000000008002cfc                DMA2_Channel5_IRQHandler
                0x0000000008002cfc                DMA1_Channel5_IRQHandler
                0x0000000008002cfc                USB_LP_IRQHandler
                0x0000000008002cfc                EXTI4_IRQHandler
                0x0000000008002cfc                USB_LP_CAN1_RX0_IRQHandler
                0x0000000008002cfc                TIM1_TRG_COM_TIM17_IRQHandler
                0x0000000008002cfc                USB_HP_CAN1_TX_IRQHandler
                0x0000000008002cfc                DMA1_Channel3_IRQHandler
                0x0000000008002cfc                ADC4_IRQHandler
                0x0000000008002cfc                WWDG_IRQHandler
                0x0000000008002cfc                TIM2_IRQHandler
                0x0000000008002cfc                COMP7_IRQHandler
                0x0000000008002cfc                COMP1_2_3_IRQHandler
                0x0000000008002cfc                EXTI1_IRQHandler
                0x0000000008002cfc                USART2_IRQHandler
                0x0000000008002cfc                COMP4_5_6_IRQHandler
                0x0000000008002cfc                I2C2_ER_IRQHandler
                0x0000000008002cfc                DMA1_Channel2_IRQHandler
                0x0000000008002cfc                TIM8_BRK_IRQHandler
                0x0000000008002cfc                CAN1_SCE_IRQHandler
                0x0000000008002cfc                FLASH_IRQHandler
                0x0000000008002cfc                BusFault_Handler
                0x0000000008002cfc                USART1_IRQHandler
                0x0000000008002cfc                SPI3_IRQHandler
                0x0000000008002cfc                I2C1_ER_IRQHandler
                0x0000000008002cfc                USBWakeUp_IRQHandler
                0x0000000008002cfc                DMA2_Channel3_IRQHandler
                0x0000000008002cfc                TIM1_BRK_TIM15_IRQHandler
 *fill*         0x0000000008002cfe        0x2 
 .text.sqrt     0x0000000008002d00       0xb8 /home/tony/Ac6/SystemWorkbench/plugins/fr.ac6.mcu.externaltools.arm-none.linux64_1.16.0.201807130628/tools/compiler/bin/../lib/gcc/arm-none-eabi/7.2.1/../../../../arm-none-eabi/lib/thumb/v7e-m/fpv4-sp/hard/libm.a(lib_a-w_sqrt.o)
                0x0000000008002d00                sqrt
 .text.__ieee754_sqrt
                0x0000000008002db8      0x194 /home/tony/Ac6/SystemWorkbench/plugins/fr.ac6.mcu.externaltools.arm-none.linux64_1.16.0.201807130628/tools/compiler/bin/../lib/gcc/arm-none-eabi/7.2.1/../../../../arm-none-eabi/lib/thumb/v7e-m/fpv4-sp/hard/libm.a(lib_a-e_sqrt.o)
                0x0000000008002db8                __ieee754_sqrt
 .text.matherr  0x0000000008002f4c        0x4 /home/tony/Ac6/SystemWorkbench/plugins/fr.ac6.mcu.externaltools.arm-none.linux64_1.16.0.201807130628/tools/compiler/bin/../lib/gcc/arm-none-eabi/7.2.1/../../../../arm-none-eabi/lib/thumb/v7e-m/fpv4-sp/hard/libm.a(lib_a-s_matherr.o)
                0x0000000008002f4c                matherr
 .text.__errno  0x0000000008002f50        0xc /home/tony/Ac6/SystemWorkbench/plugins/fr.ac6.mcu.externaltools.arm-none.linux64_1.16.0.201807130628/tools/compiler/bin/../lib/gcc/arm-none-eabi/7.2.1/../../../../arm-none-eabi/lib/thumb/v7e-m/fpv4-sp/hard/libc.a(lib_a-errno.o)
                0x0000000008002f50                __errno
 .text.__libc_init_array
                0x0000000008002f5c       0x48 /home/tony/Ac6/SystemWorkbench/plugins/fr.ac6.mcu.externaltools.arm-none.linux64_1.16.0.201807130628/tools/compiler/bin/../lib/gcc/arm-none-eabi/7.2.1/../../../../arm-none-eabi/lib/thumb/v7e-m/fpv4-sp/hard/libc.a(lib_a-init.o)
                0x0000000008002f5c                __libc_init_array
 .text.startup.register_fini
                0x0000000008002fa4       0x14 /home/tony/Ac6/SystemWorkbench/plugins/fr.ac6.mcu.externaltools.arm-none.linux64_1.16.0.201807130628/tools/compiler/bin/../lib/gcc/arm-none-eabi/7.2.1/../../../../arm-none-eabi/lib/thumb/v7e-m/fpv4-sp/hard/libc.a(lib_a-__call_atexit.o)
 .text.atexit   0x0000000008002fb8        0xc /home/tony/Ac6/SystemWorkbench/plugins/fr.ac6.mcu.externaltools.arm-none.linux64_1.16.0.201807130628/tools/compiler/bin/../lib/gcc/arm-none-eabi/7.2.1/../../../../arm-none-eabi/lib/thumb/v7e-m/fpv4-sp/hard/libc.a(lib_a-atexit.o)
                0x0000000008002fb8                atexit
 .text.__libc_fini_array
                0x0000000008002fc4       0x34 /home/tony/Ac6/SystemWorkbench/plugins/fr.ac6.mcu.externaltools.arm-none.linux64_1.16.0.201807130628/tools/compiler/bin/../lib/gcc/arm-none-eabi/7.2.1/../../../../arm-none-eabi/lib/thumb/v7e-m/fpv4-sp/hard/libc.a(lib_a-fini.o)
                0x0000000008002fc4                __libc_fini_array
 .text.__retarget_lock_acquire_recursive
                0x0000000008002ff8        0x4 /home/tony/Ac6/SystemWorkbench/plugins/fr.ac6.mcu.externaltools.arm-none.linux64_1.16.0.201807130628/tools/compiler/bin/../lib/gcc/arm-none-eabi/7.2.1/../../../../arm-none-eabi/lib/thumb/v7e-m/fpv4-sp/hard/libc.a(lib_a-lock.o)
                0x0000000008002ff8                __retarget_lock_acquire_recursive
 .text.__retarget_lock_release_recursive
                0x0000000008002ffc        0x4 /home/tony/Ac6/SystemWorkbench/plugins/fr.ac6.mcu.externaltools.arm-none.linux64_1.16.0.201807130628/tools/compiler/bin/../lib/gcc/arm-none-eabi/7.2.1/../../../../arm-none-eabi/lib/thumb/v7e-m/fpv4-sp/hard/libc.a(lib_a-lock.o)
                0x0000000008002ffc                __retarget_lock_release_recursive
 .text.__register_exitproc
                0x0000000008003000       0xc0 /home/tony/Ac6/SystemWorkbench/plugins/fr.ac6.mcu.externaltools.arm-none.linux64_1.16.0.201807130628/tools/compiler/bin/../lib/gcc/arm-none-eabi/7.2.1/../../../../arm-none-eabi/lib/thumb/v7e-m/fpv4-sp/hard/libc.a(lib_a-__atexit.o)
                0x0000000008003000                __register_exitproc
 *(.glue_7)
 .glue_7        0x00000000080030c0        0x0 linker stubs
 *(.glue_7t)
 .glue_7t       0x00000000080030c0        0x0 linker stubs
 *(.eh_frame)
 .eh_frame      0x00000000080030c0        0x0 /home/tony/Ac6/SystemWorkbench/plugins/fr.ac6.mcu.externaltools.arm-none.linux64_1.16.0.201807130628/tools/compiler/bin/../lib/gcc/arm-none-eabi/7.2.1/thumb/v7e-m/fpv4-sp/hard/crtbegin.o
 *(.init)
 .init          0x00000000080030c0        0x4 /home/tony/Ac6/SystemWorkbench/plugins/fr.ac6.mcu.externaltools.arm-none.linux64_1.16.0.201807130628/tools/compiler/bin/../lib/gcc/arm-none-eabi/7.2.1/thumb/v7e-m/fpv4-sp/hard/crti.o
                0x00000000080030c0                _init
 .init          0x00000000080030c4        0x8 /home/tony/Ac6/SystemWorkbench/plugins/fr.ac6.mcu.externaltools.arm-none.linux64_1.16.0.201807130628/tools/compiler/bin/../lib/gcc/arm-none-eabi/7.2.1/thumb/v7e-m/fpv4-sp/hard/crtn.o
 *(.fini)
 .fini          0x00000000080030cc        0x4 /home/tony/Ac6/SystemWorkbench/plugins/fr.ac6.mcu.externaltools.arm-none.linux64_1.16.0.201807130628/tools/compiler/bin/../lib/gcc/arm-none-eabi/7.2.1/thumb/v7e-m/fpv4-sp/hard/crti.o
                0x00000000080030cc                _fini
 .fini          0x00000000080030d0        0x8 /home/tony/Ac6/SystemWorkbench/plugins/fr.ac6.mcu.externaltools.arm-none.linux64_1.16.0.201807130628/tools/compiler/bin/../lib/gcc/arm-none-eabi/7.2.1/thumb/v7e-m/fpv4-sp/hard/crtn.o
                0x00000000080030d8                . = ALIGN (0x4)
                0x00000000080030d8                _etext = .

.vfp11_veneer   0x00000000080030d8        0x0
 .vfp11_veneer  0x00000000080030d8        0x0 linker stubs

.v4_bx          0x00000000080030d8        0x0
 .v4_bx         0x00000000080030d8        0x0 linker stubs

.iplt           0x00000000080030d8        0x0
 .iplt          0x00000000080030d8        0x0 /home/tony/Ac6/SystemWorkbench/plugins/fr.ac6.mcu.externaltools.arm-none.linux64_1.16.0.201807130628/tools/compiler/bin/../lib/gcc/arm-none-eabi/7.2.1/thumb/v7e-m/fpv4-sp/hard/crtbegin.o

.rodata         0x00000000080030d8        0xc
                0x00000000080030d8                . = ALIGN (0x4)
 *(.rodata)
 *(.rodata*)
 .rodata.sqrt.str1.4
                0x00000000080030d8        0x8 /home/tony/Ac6/SystemWorkbench/plugins/fr.ac6.mcu.externaltools.arm-none.linux64_1.16.0.201807130628/tools/compiler/bin/../lib/gcc/arm-none-eabi/7.2.1/../../../../arm-none-eabi/lib/thumb/v7e-m/fpv4-sp/hard/libm.a(lib_a-w_sqrt.o)
                                          0x5 (size before relaxing)
 .rodata._global_impure_ptr
                0x00000000080030e0        0x4 /home/tony/Ac6/SystemWorkbench/plugins/fr.ac6.mcu.externaltools.arm-none.linux64_1.16.0.201807130628/tools/compiler/bin/../lib/gcc/arm-none-eabi/7.2.1/../../../../arm-none-eabi/lib/thumb/v7e-m/fpv4-sp/hard/libc.a(lib_a-impure.o)
                0x00000000080030e0                _global_impure_ptr
                0x00000000080030e4                . = ALIGN (0x4)

.rel.dyn        0x00000000080030e4        0x0
 .rel.iplt      0x00000000080030e4        0x0 /home/tony/Ac6/SystemWorkbench/plugins/fr.ac6.mcu.externaltools.arm-none.linux64_1.16.0.201807130628/tools/compiler/bin/../lib/gcc/arm-none-eabi/7.2.1/thumb/v7e-m/fpv4-sp/hard/crtbegin.o

.ARM.extab
 *(.ARM.extab* .gnu.linkonce.armextab.*)

.ARM            0x00000000080030e4        0x0
                0x00000000080030e4                __exidx_start = .
 *(.ARM.exidx*)
                0x00000000080030e4                __exidx_end = .

.preinit_array  0x00000000080030e4        0x0
                0x00000000080030e4                PROVIDE (__preinit_array_start, .)
 *(.preinit_array*)
                0x00000000080030e4                PROVIDE (__preinit_array_end, .)

.init_array     0x00000000080030e4        0x8
                0x00000000080030e4                PROVIDE (__init_array_start, .)
 *(SORT_BY_NAME(.init_array.*))
 .init_array.00000
                0x00000000080030e4        0x4 /home/tony/Ac6/SystemWorkbench/plugins/fr.ac6.mcu.externaltools.arm-none.linux64_1.16.0.201807130628/tools/compiler/bin/../lib/gcc/arm-none-eabi/7.2.1/../../../../arm-none-eabi/lib/thumb/v7e-m/fpv4-sp/hard/libc.a(lib_a-__call_atexit.o)
 *(.init_array*)
 .init_array    0x00000000080030e8        0x4 /home/tony/Ac6/SystemWorkbench/plugins/fr.ac6.mcu.externaltools.arm-none.linux64_1.16.0.201807130628/tools/compiler/bin/../lib/gcc/arm-none-eabi/7.2.1/thumb/v7e-m/fpv4-sp/hard/crtbegin.o
                0x00000000080030ec                PROVIDE (__init_array_end, .)

.fini_array     0x00000000080030ec        0x4
                0x00000000080030ec                PROVIDE (__fini_array_start, .)
 *(SORT_BY_NAME(.fini_array.*))
 *(.fini_array*)
 .fini_array    0x00000000080030ec        0x4 /home/tony/Ac6/SystemWorkbench/plugins/fr.ac6.mcu.externaltools.arm-none.linux64_1.16.0.201807130628/tools/compiler/bin/../lib/gcc/arm-none-eabi/7.2.1/thumb/v7e-m/fpv4-sp/hard/crtbegin.o
                0x00000000080030f0                PROVIDE (__fini_array_end, .)
                0x00000000080030f0                _sidata = LOADADDR (.data)

.data           0x0000000020000000      0x45c load address 0x00000000080030f0
                0x0000000020000000                . = ALIGN (0x4)
                0x0000000020000000                _sdata = .
 *(.data)
 .data          0x0000000020000000       0x2a StdPeriph_Driver/src/stm32f30x_rcc.o
 *(.data*)
 .data.__fdlib_version
                0x000000002000002a        0x1 /home/tony/Ac6/SystemWorkbench/plugins/fr.ac6.mcu.externaltools.arm-none.linux64_1.16.0.201807130628/tools/compiler/bin/../lib/gcc/arm-none-eabi/7.2.1/../../../../arm-none-eabi/lib/thumb/v7e-m/fpv4-sp/hard/libm.a(lib_a-s_lib_ver.o)
                0x000000002000002a                __fdlib_version
 *fill*         0x000000002000002b        0x1 
 .data._impure_ptr
                0x000000002000002c        0x4 /home/tony/Ac6/SystemWorkbench/plugins/fr.ac6.mcu.externaltools.arm-none.linux64_1.16.0.201807130628/tools/compiler/bin/../lib/gcc/arm-none-eabi/7.2.1/../../../../arm-none-eabi/lib/thumb/v7e-m/fpv4-sp/hard/libc.a(lib_a-impure.o)
                0x000000002000002c                _impure_ptr
 .data.impure_data
                0x0000000020000030      0x428 /home/tony/Ac6/SystemWorkbench/plugins/fr.ac6.mcu.externaltools.arm-none.linux64_1.16.0.201807130628/tools/compiler/bin/../lib/gcc/arm-none-eabi/7.2.1/../../../../arm-none-eabi/lib/thumb/v7e-m/fpv4-sp/hard/libc.a(lib_a-impure.o)
 .data.__atexit_recursive_mutex
                0x0000000020000458        0x4 /home/tony/Ac6/SystemWorkbench/plugins/fr.ac6.mcu.externaltools.arm-none.linux64_1.16.0.201807130628/tools/compiler/bin/../lib/gcc/arm-none-eabi/7.2.1/../../../../arm-none-eabi/lib/thumb/v7e-m/fpv4-sp/hard/libc.a(lib_a-__call_atexit.o)
                0x0000000020000458                __atexit_recursive_mutex
                0x000000002000045c                . = ALIGN (0x4)
                0x000000002000045c                _edata = .
                0x000000000800354c                _siccmram = LOADADDR (.ccmram)

.igot.plt       0x000000002000045c        0x0 load address 0x000000000800354c
 .igot.plt      0x000000002000045c        0x0 /home/tony/Ac6/SystemWorkbench/plugins/fr.ac6.mcu.externaltools.arm-none.linux64_1.16.0.201807130628/tools/compiler/bin/../lib/gcc/arm-none-eabi/7.2.1/thumb/v7e-m/fpv4-sp/hard/crtbegin.o

.ccmram         0x0000000010000000        0x0 load address 0x000000000800354c
                0x0000000010000000                . = ALIGN (0x4)
                0x0000000010000000                _sccmram = .
 *(.ccmram)
 *(.ccmram*)
                0x0000000010000000                . = ALIGN (0x4)
                0x0000000010000000                _eccmram = .
                0x0000000010000000                . = ALIGN (0x4)

.bss            0x000000002000045c       0x40
                0x000000002000045c                _sbss = .
                0x000000002000045c                __bss_start__ = _sbss
 *(.bss)
 .bss           0x000000002000045c       0x1c /home/tony/Ac6/SystemWorkbench/plugins/fr.ac6.mcu.externaltools.arm-none.linux64_1.16.0.201807130628/tools/compiler/bin/../lib/gcc/arm-none-eabi/7.2.1/thumb/v7e-m/fpv4-sp/hard/crtbegin.o
 *(.bss*)
 *(COMMON)
 COMMON         0x0000000020000478       0x21 /home/tony/Ac6/SystemWorkbench/plugins/fr.ac6.mcu.externaltools.arm-none.linux64_1.16.0.201807130628/tools/compiler/bin/../lib/gcc/arm-none-eabi/7.2.1/../../../../arm-none-eabi/lib/thumb/v7e-m/fpv4-sp/hard/libc.a(lib_a-lock.o)
                0x0000000020000478                __lock___atexit_recursive_mutex
                0x000000002000047c                __lock___arc4random_mutex
                0x0000000020000480                __lock___env_recursive_mutex
                0x0000000020000484                __lock___sinit_recursive_mutex
                0x0000000020000488                __lock___malloc_recursive_mutex
                0x000000002000048c                __lock___at_quick_exit_mutex
                0x0000000020000490                __lock___dd_hash_mutex
                0x0000000020000494                __lock___tz_mutex
                0x0000000020000498                __lock___sfp_recursive_mutex
                0x000000002000049c                . = ALIGN (0x4)
 *fill*         0x0000000020000499        0x3 
                0x000000002000049c                _ebss = .
                0x000000002000049c                __bss_end__ = _ebss

._user_heap_stack
                0x000000002000049c      0x604
                0x00000000200004a0                . = ALIGN (0x8)
 *fill*         0x000000002000049c        0x4 
                0x00000000200004a0                PROVIDE (end, .)
                [!provide]                        PROVIDE (_end, .)
                0x00000000200006a0                . = (. + _Min_Heap_Size)
 *fill*         0x00000000200004a0      0x200 
                0x0000000020000aa0                . = (. + _Min_Stack_Size)
 *fill*         0x00000000200006a0      0x400 
                0x0000000020000aa0                . = ALIGN (0x8)

/DISCARD/
 libc.a(*)
 libm.a(*)
 libgcc.a(*)

.ARM.attributes
                0x0000000000000000       0x30
 *(.ARM.attributes)
 .ARM.attributes
                0x0000000000000000       0x22 /home/tony/Ac6/SystemWorkbench/plugins/fr.ac6.mcu.externaltools.arm-none.linux64_1.16.0.201807130628/tools/compiler/bin/../lib/gcc/arm-none-eabi/7.2.1/thumb/v7e-m/fpv4-sp/hard/crti.o
 .ARM.attributes
                0x0000000000000022       0x34 /home/tony/Ac6/SystemWorkbench/plugins/fr.ac6.mcu.externaltools.arm-none.linux64_1.16.0.201807130628/tools/compiler/bin/../lib/gcc/arm-none-eabi/7.2.1/thumb/v7e-m/fpv4-sp/hard/crtbegin.o
 .ARM.attributes
                0x0000000000000056       0x39 StdPeriph_Driver/src/stm32f30x_gpio.o
 .ARM.attributes
                0x000000000000008f       0x39 StdPeriph_Driver/src/stm32f30x_rcc.o
 .ARM.attributes
                0x00000000000000c8       0x39 StdPeriph_Driver/src/stm32f30x_tim.o
 .ARM.attributes
                0x0000000000000101       0x39 StdPeriph_Driver/src/stm32f30x_usart.o
 .ARM.attributes
                0x000000000000013a       0x39 src/main.o
 .ARM.attributes
                0x0000000000000173       0x39 src/system_stm32f30x.o
 .ARM.attributes
                0x00000000000001ac       0x21 startup/startup_stm32f30x.o
 .ARM.attributes
                0x00000000000001cd       0x34 /home/tony/Ac6/SystemWorkbench/plugins/fr.ac6.mcu.externaltools.arm-none.linux64_1.16.0.201807130628/tools/compiler/bin/../lib/gcc/arm-none-eabi/7.2.1/../../../../arm-none-eabi/lib/thumb/v7e-m/fpv4-sp/hard/libm.a(lib_a-w_sqrt.o)
 .ARM.attributes
                0x0000000000000201       0x34 /home/tony/Ac6/SystemWorkbench/plugins/fr.ac6.mcu.externaltools.arm-none.linux64_1.16.0.201807130628/tools/compiler/bin/../lib/gcc/arm-none-eabi/7.2.1/../../../../arm-none-eabi/lib/thumb/v7e-m/fpv4-sp/hard/libm.a(lib_a-e_sqrt.o)
 .ARM.attributes
                0x0000000000000235       0x34 /home/tony/Ac6/SystemWorkbench/plugins/fr.ac6.mcu.externaltools.arm-none.linux64_1.16.0.201807130628/tools/compiler/bin/../lib/gcc/arm-none-eabi/7.2.1/../../../../arm-none-eabi/lib/thumb/v7e-m/fpv4-sp/hard/libm.a(lib_a-s_lib_ver.o)
 .ARM.attributes
                0x0000000000000269       0x34 /home/tony/Ac6/SystemWorkbench/plugins/fr.ac6.mcu.externaltools.arm-none.linux64_1.16.0.201807130628/tools/compiler/bin/../lib/gcc/arm-none-eabi/7.2.1/../../../../arm-none-eabi/lib/thumb/v7e-m/fpv4-sp/hard/libm.a(lib_a-s_matherr.o)
 .ARM.attributes
                0x000000000000029d       0x22 /home/tony/Ac6/SystemWorkbench/plugins/fr.ac6.mcu.externaltools.arm-none.linux64_1.16.0.201807130628/tools/compiler/bin/../lib/gcc/arm-none-eabi/7.2.1/thumb/v7e-m/fpv4-sp/hard/libgcc.a(_arm_addsubdf3.o)
 .ARM.attributes
                0x00000000000002bf       0x22 /home/tony/Ac6/SystemWorkbench/plugins/fr.ac6.mcu.externaltools.arm-none.linux64_1.16.0.201807130628/tools/compiler/bin/../lib/gcc/arm-none-eabi/7.2.1/thumb/v7e-m/fpv4-sp/hard/libgcc.a(_arm_muldivdf3.o)
 .ARM.attributes
                0x00000000000002e1       0x22 /home/tony/Ac6/SystemWorkbench/plugins/fr.ac6.mcu.externaltools.arm-none.linux64_1.16.0.201807130628/tools/compiler/bin/../lib/gcc/arm-none-eabi/7.2.1/thumb/v7e-m/fpv4-sp/hard/libgcc.a(_arm_cmpdf2.o)
 .ARM.attributes
                0x0000000000000303       0x22 /home/tony/Ac6/SystemWorkbench/plugins/fr.ac6.mcu.externaltools.arm-none.linux64_1.16.0.201807130628/tools/compiler/bin/../lib/gcc/arm-none-eabi/7.2.1/thumb/v7e-m/fpv4-sp/hard/libgcc.a(_arm_unorddf2.o)
 .ARM.attributes
                0x0000000000000325       0x22 /home/tony/Ac6/SystemWorkbench/plugins/fr.ac6.mcu.externaltools.arm-none.linux64_1.16.0.201807130628/tools/compiler/bin/../lib/gcc/arm-none-eabi/7.2.1/thumb/v7e-m/fpv4-sp/hard/libgcc.a(_arm_fixdfsi.o)
 .ARM.attributes
                0x0000000000000347       0x22 /home/tony/Ac6/SystemWorkbench/plugins/fr.ac6.mcu.externaltools.arm-none.linux64_1.16.0.201807130628/tools/compiler/bin/../lib/gcc/arm-none-eabi/7.2.1/thumb/v7e-m/fpv4-sp/hard/libgcc.a(_arm_fixunsdfsi.o)
 .ARM.attributes
                0x0000000000000369       0x34 /home/tony/Ac6/SystemWorkbench/plugins/fr.ac6.mcu.externaltools.arm-none.linux64_1.16.0.201807130628/tools/compiler/bin/../lib/gcc/arm-none-eabi/7.2.1/../../../../arm-none-eabi/lib/thumb/v7e-m/fpv4-sp/hard/libc.a(lib_a-errno.o)
 .ARM.attributes
                0x000000000000039d       0x34 /home/tony/Ac6/SystemWorkbench/plugins/fr.ac6.mcu.externaltools.arm-none.linux64_1.16.0.201807130628/tools/compiler/bin/../lib/gcc/arm-none-eabi/7.2.1/../../../../arm-none-eabi/lib/thumb/v7e-m/fpv4-sp/hard/libc.a(lib_a-impure.o)
 .ARM.attributes
                0x00000000000003d1       0x34 /home/tony/Ac6/SystemWorkbench/plugins/fr.ac6.mcu.externaltools.arm-none.linux64_1.16.0.201807130628/tools/compiler/bin/../lib/gcc/arm-none-eabi/7.2.1/../../../../arm-none-eabi/lib/thumb/v7e-m/fpv4-sp/hard/libc.a(lib_a-init.o)
 .ARM.attributes
                0x0000000000000405       0x34 /home/tony/Ac6/SystemWorkbench/plugins/fr.ac6.mcu.externaltools.arm-none.linux64_1.16.0.201807130628/tools/compiler/bin/../lib/gcc/arm-none-eabi/7.2.1/../../../../arm-none-eabi/lib/thumb/v7e-m/fpv4-sp/hard/libc.a(lib_a-__call_atexit.o)
 .ARM.attributes
                0x0000000000000439       0x34 /home/tony/Ac6/SystemWorkbench/plugins/fr.ac6.mcu.externaltools.arm-none.linux64_1.16.0.201807130628/tools/compiler/bin/../lib/gcc/arm-none-eabi/7.2.1/../../../../arm-none-eabi/lib/thumb/v7e-m/fpv4-sp/hard/libc.a(lib_a-atexit.o)
 .ARM.attributes
                0x000000000000046d       0x34 /home/tony/Ac6/SystemWorkbench/plugins/fr.ac6.mcu.externaltools.arm-none.linux64_1.16.0.201807130628/tools/compiler/bin/../lib/gcc/arm-none-eabi/7.2.1/../../../../arm-none-eabi/lib/thumb/v7e-m/fpv4-sp/hard/libc.a(lib_a-fini.o)
 .ARM.attributes
                0x00000000000004a1       0x34 /home/tony/Ac6/SystemWorkbench/plugins/fr.ac6.mcu.externaltools.arm-none.linux64_1.16.0.201807130628/tools/compiler/bin/../lib/gcc/arm-none-eabi/7.2.1/../../../../arm-none-eabi/lib/thumb/v7e-m/fpv4-sp/hard/libc.a(lib_a-lock.o)
 .ARM.attributes
                0x00000000000004d5       0x34 /home/tony/Ac6/SystemWorkbench/plugins/fr.ac6.mcu.externaltools.arm-none.linux64_1.16.0.201807130628/tools/compiler/bin/../lib/gcc/arm-none-eabi/7.2.1/../../../../arm-none-eabi/lib/thumb/v7e-m/fpv4-sp/hard/libc.a(lib_a-__atexit.o)
 .ARM.attributes
                0x0000000000000509       0x22 /home/tony/Ac6/SystemWorkbench/plugins/fr.ac6.mcu.externaltools.arm-none.linux64_1.16.0.201807130628/tools/compiler/bin/../lib/gcc/arm-none-eabi/7.2.1/thumb/v7e-m/fpv4-sp/hard/crtn.o
OUTPUT(Motor_Code.elf elf32-littlearm)

.debug_info     0x0000000000000000     0x5905
 .debug_info    0x0000000000000000      0x620 StdPeriph_Driver/src/stm32f30x_gpio.o
 .debug_info    0x0000000000000620      0xadb StdPeriph_Driver/src/stm32f30x_rcc.o
 .debug_info    0x00000000000010fb     0x2196 StdPeriph_Driver/src/stm32f30x_tim.o
 .debug_info    0x0000000000003291      0xece StdPeriph_Driver/src/stm32f30x_usart.o
 .debug_info    0x000000000000415f     0x12c0 src/main.o
 .debug_info    0x000000000000541f      0x4c4 src/system_stm32f30x.o
 .debug_info    0x00000000000058e3       0x22 startup/startup_stm32f30x.o

.debug_abbrev   0x0000000000000000      0xba5
 .debug_abbrev  0x0000000000000000      0x1b0 StdPeriph_Driver/src/stm32f30x_gpio.o
 .debug_abbrev  0x00000000000001b0      0x1fd StdPeriph_Driver/src/stm32f30x_rcc.o
 .debug_abbrev  0x00000000000003ad      0x19f StdPeriph_Driver/src/stm32f30x_tim.o
 .debug_abbrev  0x000000000000054c      0x187 StdPeriph_Driver/src/stm32f30x_usart.o
 .debug_abbrev  0x00000000000006d3      0x354 src/main.o
 .debug_abbrev  0x0000000000000a27      0x16c src/system_stm32f30x.o
 .debug_abbrev  0x0000000000000b93       0x12 startup/startup_stm32f30x.o

.debug_aranges  0x0000000000000000      0x7f8
 .debug_aranges
                0x0000000000000000       0x80 StdPeriph_Driver/src/stm32f30x_gpio.o
 .debug_aranges
                0x0000000000000080      0x150 StdPeriph_Driver/src/stm32f30x_rcc.o
 .debug_aranges
                0x00000000000001d0      0x3a8 StdPeriph_Driver/src/stm32f30x_tim.o
 .debug_aranges
                0x0000000000000578      0x1a0 StdPeriph_Driver/src/stm32f30x_usart.o
 .debug_aranges
                0x0000000000000718       0x88 src/main.o
 .debug_aranges
                0x00000000000007a0       0x30 src/system_stm32f30x.o
 .debug_aranges
                0x00000000000007d0       0x28 startup/startup_stm32f30x.o

.debug_ranges   0x0000000000000000      0x790
 .debug_ranges  0x0000000000000000       0x70 StdPeriph_Driver/src/stm32f30x_gpio.o
 .debug_ranges  0x0000000000000070      0x140 StdPeriph_Driver/src/stm32f30x_rcc.o
 .debug_ranges  0x00000000000001b0      0x398 StdPeriph_Driver/src/stm32f30x_tim.o
 .debug_ranges  0x0000000000000548      0x190 StdPeriph_Driver/src/stm32f30x_usart.o
 .debug_ranges  0x00000000000006d8       0x78 src/main.o
 .debug_ranges  0x0000000000000750       0x20 src/system_stm32f30x.o
 .debug_ranges  0x0000000000000770       0x20 startup/startup_stm32f30x.o

.debug_macro    0x0000000000000000     0x29c1
 .debug_macro   0x0000000000000000      0x19f StdPeriph_Driver/src/stm32f30x_gpio.o
 .debug_macro   0x000000000000019f      0x19b StdPeriph_Driver/src/stm32f30x_gpio.o
 .debug_macro   0x000000000000033a      0x238 StdPeriph_Driver/src/stm32f30x_rcc.o
 .debug_macro   0x0000000000000572      0x5c0 StdPeriph_Driver/src/stm32f30x_rcc.o
 .debug_macro   0x0000000000000b32      0x1c9 StdPeriph_Driver/src/stm32f30x_tim.o
 .debug_macro   0x0000000000000cfb      0x8d2 StdPeriph_Driver/src/stm32f30x_tim.o
 .debug_macro   0x00000000000015cd      0x1b7 StdPeriph_Driver/src/stm32f30x_usart.o
 .debug_macro   0x0000000000001784      0x35e StdPeriph_Driver/src/stm32f30x_usart.o
 .debug_macro   0x0000000000001ae2      0x23d src/main.o
 .debug_macro   0x0000000000001d1f       0xd8 src/main.o
 .debug_macro   0x0000000000001df7       0x58 src/main.o
 .debug_macro   0x0000000000001e4f       0x17 src/main.o
 .debug_macro   0x0000000000001e66       0x35 src/main.o
 .debug_macro   0x0000000000001e9b       0x9c src/main.o
 .debug_macro   0x0000000000001f37      0x174 src/main.o
 .debug_macro   0x00000000000020ab       0x58 src/main.o
 .debug_macro   0x0000000000002103       0x1f src/main.o
 .debug_macro   0x0000000000002122       0x43 src/main.o
 .debug_macro   0x0000000000002165       0x20 src/main.o
 .debug_macro   0x0000000000002185      0x18e src/main.o
 .debug_macro   0x0000000000002313      0x330 src/main.o
 .debug_macro   0x0000000000002643      0x1e1 src/main.o
 .debug_macro   0x0000000000002824      0x19d src/system_stm32f30x.o

.debug_line     0x0000000000000000     0x3ab8
 .debug_line    0x0000000000000000      0x707 StdPeriph_Driver/src/stm32f30x_gpio.o
 .debug_line    0x0000000000000707      0x96e StdPeriph_Driver/src/stm32f30x_rcc.o
 .debug_line    0x0000000000001075     0x1078 StdPeriph_Driver/src/stm32f30x_tim.o
 .debug_line    0x00000000000020ed      0x9f5 StdPeriph_Driver/src/stm32f30x_usart.o
 .debug_line    0x0000000000002ae2      0x92e src/main.o
 .debug_line    0x0000000000003410      0x62d src/system_stm32f30x.o
 .debug_line    0x0000000000003a3d       0x7b startup/startup_stm32f30x.o

.debug_str      0x0000000000000000    0x59b66
 .debug_str     0x0000000000000000    0x53d66 StdPeriph_Driver/src/stm32f30x_gpio.o
                                      0x53ee8 (size before relaxing)
 .debug_str     0x0000000000053d66      0xa86 StdPeriph_Driver/src/stm32f30x_rcc.o
                                      0x546a3 (size before relaxing)
 .debug_str     0x00000000000547ec      0xe0d StdPeriph_Driver/src/stm32f30x_tim.o
                                      0x54a96 (size before relaxing)
 .debug_str     0x00000000000555f9      0x810 StdPeriph_Driver/src/stm32f30x_usart.o
                                      0x54577 (size before relaxing)
 .debug_str     0x0000000000055e09     0x3c45 src/main.o
                                      0x57cfb (size before relaxing)
 .debug_str     0x0000000000059a4e       0xea src/system_stm32f30x.o
                                      0x53d62 (size before relaxing)
 .debug_str     0x0000000000059b38       0x2e startup/startup_stm32f30x.o
                                         0x54 (size before relaxing)

.comment        0x0000000000000000       0x7e
 .comment       0x0000000000000000       0x7e StdPeriph_Driver/src/stm32f30x_gpio.o
                                         0x7f (size before relaxing)
 .comment       0x000000000000007e       0x7f StdPeriph_Driver/src/stm32f30x_rcc.o
 .comment       0x000000000000007e       0x7f StdPeriph_Driver/src/stm32f30x_tim.o
 .comment       0x000000000000007e       0x7f StdPeriph_Driver/src/stm32f30x_usart.o
 .comment       0x000000000000007e       0x7f src/main.o
 .comment       0x000000000000007e       0x7f src/system_stm32f30x.o

.debug_frame    0x0000000000000000     0x28d8
 .debug_frame   0x0000000000000000      0x214 StdPeriph_Driver/src/stm32f30x_gpio.o
 .debug_frame   0x0000000000000214      0x60c StdPeriph_Driver/src/stm32f30x_rcc.o
 .debug_frame   0x0000000000000820     0x11c4 StdPeriph_Driver/src/stm32f30x_tim.o
 .debug_frame   0x00000000000019e4      0x7b0 StdPeriph_Driver/src/stm32f30x_usart.o
 .debug_frame   0x0000000000002194      0x224 src/main.o
 .debug_frame   0x00000000000023b8       0x7c src/system_stm32f30x.o
 .debug_frame   0x0000000000002434       0x4c /home/tony/Ac6/SystemWorkbench/plugins/fr.ac6.mcu.externaltools.arm-none.linux64_1.16.0.201807130628/tools/compiler/bin/../lib/gcc/arm-none-eabi/7.2.1/../../../../arm-none-eabi/lib/thumb/v7e-m/fpv4-sp/hard/libm.a(lib_a-w_sqrt.o)
 .debug_frame   0x0000000000002480       0x30 /home/tony/Ac6/SystemWorkbench/plugins/fr.ac6.mcu.externaltools.arm-none.linux64_1.16.0.201807130628/tools/compiler/bin/../lib/gcc/arm-none-eabi/7.2.1/../../../../arm-none-eabi/lib/thumb/v7e-m/fpv4-sp/hard/libm.a(lib_a-e_sqrt.o)
 .debug_frame   0x00000000000024b0       0x20 /home/tony/Ac6/SystemWorkbench/plugins/fr.ac6.mcu.externaltools.arm-none.linux64_1.16.0.201807130628/tools/compiler/bin/../lib/gcc/arm-none-eabi/7.2.1/../../../../arm-none-eabi/lib/thumb/v7e-m/fpv4-sp/hard/libm.a(lib_a-s_matherr.o)
 .debug_frame   0x00000000000024d0       0xac /home/tony/Ac6/SystemWorkbench/plugins/fr.ac6.mcu.externaltools.arm-none.linux64_1.16.0.201807130628/tools/compiler/bin/../lib/gcc/arm-none-eabi/7.2.1/thumb/v7e-m/fpv4-sp/hard/libgcc.a(_arm_addsubdf3.o)
 .debug_frame   0x000000000000257c       0x50 /home/tony/Ac6/SystemWorkbench/plugins/fr.ac6.mcu.externaltools.arm-none.linux64_1.16.0.201807130628/tools/compiler/bin/../lib/gcc/arm-none-eabi/7.2.1/thumb/v7e-m/fpv4-sp/hard/libgcc.a(_arm_muldivdf3.o)
 .debug_frame   0x00000000000025cc       0xc4 /home/tony/Ac6/SystemWorkbench/plugins/fr.ac6.mcu.externaltools.arm-none.linux64_1.16.0.201807130628/tools/compiler/bin/../lib/gcc/arm-none-eabi/7.2.1/thumb/v7e-m/fpv4-sp/hard/libgcc.a(_arm_cmpdf2.o)
 .debug_frame   0x0000000000002690       0x20 /home/tony/Ac6/SystemWorkbench/plugins/fr.ac6.mcu.externaltools.arm-none.linux64_1.16.0.201807130628/tools/compiler/bin/../lib/gcc/arm-none-eabi/7.2.1/thumb/v7e-m/fpv4-sp/hard/libgcc.a(_arm_unorddf2.o)
 .debug_frame   0x00000000000026b0       0x24 /home/tony/Ac6/SystemWorkbench/plugins/fr.ac6.mcu.externaltools.arm-none.linux64_1.16.0.201807130628/tools/compiler/bin/../lib/gcc/arm-none-eabi/7.2.1/thumb/v7e-m/fpv4-sp/hard/libgcc.a(_arm_fixdfsi.o)
 .debug_frame   0x00000000000026d4       0x24 /home/tony/Ac6/SystemWorkbench/plugins/fr.ac6.mcu.externaltools.arm-none.linux64_1.16.0.201807130628/tools/compiler/bin/../lib/gcc/arm-none-eabi/7.2.1/thumb/v7e-m/fpv4-sp/hard/libgcc.a(_arm_fixunsdfsi.o)
 .debug_frame   0x00000000000026f8       0x20 /home/tony/Ac6/SystemWorkbench/plugins/fr.ac6.mcu.externaltools.arm-none.linux64_1.16.0.201807130628/tools/compiler/bin/../lib/gcc/arm-none-eabi/7.2.1/../../../../arm-none-eabi/lib/thumb/v7e-m/fpv4-sp/hard/libc.a(lib_a-errno.o)
 .debug_frame   0x0000000000002718       0x2c /home/tony/Ac6/SystemWorkbench/plugins/fr.ac6.mcu.externaltools.arm-none.linux64_1.16.0.201807130628/tools/compiler/bin/../lib/gcc/arm-none-eabi/7.2.1/../../../../arm-none-eabi/lib/thumb/v7e-m/fpv4-sp/hard/libc.a(lib_a-init.o)
 .debug_frame   0x0000000000002744       0x5c /home/tony/Ac6/SystemWorkbench/plugins/fr.ac6.mcu.externaltools.arm-none.linux64_1.16.0.201807130628/tools/compiler/bin/../lib/gcc/arm-none-eabi/7.2.1/../../../../arm-none-eabi/lib/thumb/v7e-m/fpv4-sp/hard/libc.a(lib_a-__call_atexit.o)
 .debug_frame   0x00000000000027a0       0x20 /home/tony/Ac6/SystemWorkbench/plugins/fr.ac6.mcu.externaltools.arm-none.linux64_1.16.0.201807130628/tools/compiler/bin/../lib/gcc/arm-none-eabi/7.2.1/../../../../arm-none-eabi/lib/thumb/v7e-m/fpv4-sp/hard/libc.a(lib_a-atexit.o)
 .debug_frame   0x00000000000027c0       0x34 /home/tony/Ac6/SystemWorkbench/plugins/fr.ac6.mcu.externaltools.arm-none.linux64_1.16.0.201807130628/tools/compiler/bin/../lib/gcc/arm-none-eabi/7.2.1/../../../../arm-none-eabi/lib/thumb/v7e-m/fpv4-sp/hard/libc.a(lib_a-fini.o)
 .debug_frame   0x00000000000027f4       0xb0 /home/tony/Ac6/SystemWorkbench/plugins/fr.ac6.mcu.externaltools.arm-none.linux64_1.16.0.201807130628/tools/compiler/bin/../lib/gcc/arm-none-eabi/7.2.1/../../../../arm-none-eabi/lib/thumb/v7e-m/fpv4-sp/hard/libc.a(lib_a-lock.o)
 .debug_frame   0x00000000000028a4       0x34 /home/tony/Ac6/SystemWorkbench/plugins/fr.ac6.mcu.externaltools.arm-none.linux64_1.16.0.201807130628/tools/compiler/bin/../lib/gcc/arm-none-eabi/7.2.1/../../../../arm-none-eabi/lib/thumb/v7e-m/fpv4-sp/hard/libc.a(lib_a-__atexit.o)
